// 重构日志: 3893b47f
// 重构日志: 8a5943bb
// 重构日志: 45a08a79
// 重构日志: 2bde4cd2
// 重构日志: 78c83b83
// 同步 ID: 2da7968d @ Sat Jul 18 06:36:48 UTC 2026
// 重构日志: d2012c5d
// 重构日志: 5f072ddd
// 重构日志: 4fd93fd5
// 重构日志: f89d0c6f
// 重构日志: 8668a5eb
// 重构日志: 8d2ffbf6
// 同步 ID: 1433b995 @ Sun Jul 26 08:15:42 UTC 2026
// 重构日志: f76f9f31
// 同步 ID: a77f0758 @ Wed Jul 29 11:08:50 UTC 2026
// 重构日志: b93b95df
// 同步 ID: eb7a8eff @ Tue Aug  4 08:04:59 UTC 2026
// 重构日志: 57e047f2
// 重构日志: f7f654ba
// 重构日志: 0fb6881e
// 重构日志: 2b951612
